Mon Jul 27 03:39:47 UTC 2026
Mon Jul 27 03:58:12 UTC 2026 - commit 1
Mon Jul 27 03:58:12 UTC 2026 - commit 2
Mon Jul 27 03:58:12 UTC 2026 - commit 3
Mon Jul 27 03:58:12 UTC 2026 - commit 4
Mon Jul 27 03:58:12 UTC 2026 - commit 5
Mon Jul 27 03:58:12 UTC 2026 - commit 6
Mon Jul 27 03:58:12 UTC 2026 - commit 7
Mon Jul 27 03:58:12 UTC 2026 - commit 8
Mon Jul 27 03:58:12 UTC 2026 - commit 9
Mon Jul 27 03:58:12 UTC 2026 - commit 10
Mon Jul 27 03:58:12 UTC 2026 - commit 11
Mon Jul 27 03:58:12 UTC 2026 - commit 12
Tue Jul 28 02:56:27 UTC 2026 - commit 1
Tue Jul 28 02:56:27 UTC 2026 - commit 2
Tue Jul 28 02:56:27 UTC 2026 - commit 3
Tue Jul 28 02:56:27 UTC 2026 - commit 4
Tue Jul 28 02:56:27 UTC 2026 - commit 5
Tue Jul 28 02:56:27 UTC 2026 - commit 6
Tue Jul 28 02:56:27 UTC 2026 - commit 7
Tue Jul 28 02:56:27 UTC 2026 - commit 8
Tue Jul 28 02:56:27 UTC 2026 - commit 9
Tue Jul 28 02:56:27 UTC 2026 - commit 10
Tue Jul 28 02:56:27 UTC 2026 - commit 11
Tue Jul 28 02:56:27 UTC 2026 - commit 12
Wed Jul 29 03:15:38 UTC 2026 - commit 1
Wed Jul 29 03:15:38 UTC 2026 - commit 2
Wed Jul 29 03:15:38 UTC 2026 - commit 3
Wed Jul 29 03:15:38 UTC 2026 - commit 4
Wed Jul 29 03:15:38 UTC 2026 - commit 5
Wed Jul 29 03:15:38 UTC 2026 - commit 6
Wed Jul 29 03:15:38 UTC 2026 - commit 7
Wed Jul 29 03:15:38 UTC 2026 - commit 8
Wed Jul 29 03:15:38 UTC 2026 - commit 9
Wed Jul 29 03:15:38 UTC 2026 - commit 10
Wed Jul 29 03:15:38 UTC 2026 - commit 11
Wed Jul 29 03:15:38 UTC 2026 - commit 12
Thu Jul 30 02:48:19 UTC 2026 - commit 1
Thu Jul 30 02:48:19 UTC 2026 - commit 2
Thu Jul 30 02:48:19 UTC 2026 - commit 3
Thu Jul 30 02:48:19 UTC 2026 - commit 4
Thu Jul 30 02:48:19 UTC 2026 - commit 5
Thu Jul 30 02:48:19 UTC 2026 - commit 6
Thu Jul 30 02:48:19 UTC 2026 - commit 7
Thu Jul 30 02:48:19 UTC 2026 - commit 8
Thu Jul 30 02:48:19 UTC 2026 - commit 9
Thu Jul 30 02:48:19 UTC 2026 - commit 10
Thu Jul 30 02:48:19 UTC 2026 - commit 11
Thu Jul 30 02:48:19 UTC 2026 - commit 12
Fri Jul 31 03:31:03 UTC 2026 - commit 1
Fri Jul 31 03:31:03 UTC 2026 - commit 2
Fri Jul 31 03:31:03 UTC 2026 - commit 3
Fri Jul 31 03:31:03 UTC 2026 - commit 4
Fri Jul 31 03:31:03 UTC 2026 - commit 5
Fri Jul 31 03:31:03 UTC 2026 - commit 6
Fri Jul 31 03:31:03 UTC 2026 - commit 7
Fri Jul 31 03:31:04 UTC 2026 - commit 8
Fri Jul 31 03:31:04 UTC 2026 - commit 9
Fri Jul 31 03:31:04 UTC 2026 - commit 10
Fri Jul 31 03:31:04 UTC 2026 - commit 11
Fri Jul 31 03:31:04 UTC 2026 - commit 12
Sat Aug  1 03:31:56 UTC 2026 - commit 1
Sat Aug  1 03:31:56 UTC 2026 - commit 2
Sat Aug  1 03:31:56 UTC 2026 - commit 3
Sat Aug  1 03:31:56 UTC 2026 - commit 4
Sat Aug  1 03:31:56 UTC 2026 - commit 5
Sat Aug  1 03:31:56 UTC 2026 - commit 6
Sat Aug  1 03:31:56 UTC 2026 - commit 7
Sat Aug  1 03:31:56 UTC 2026 - commit 8
Sat Aug  1 03:31:56 UTC 2026 - commit 9
Sat Aug  1 03:31:56 UTC 2026 - commit 10
Sat Aug  1 03:31:56 UTC 2026 - commit 11
Sat Aug  1 03:31:56 UTC 2026 - commit 12
Sun Aug  2 03:30:04 UTC 2026 - commit 1
Sun Aug  2 03:30:04 UTC 2026 - commit 2
Sun Aug  2 03:30:04 UTC 2026 - commit 3
Sun Aug  2 03:30:04 UTC 2026 - commit 4
Sun Aug  2 03:30:04 UTC 2026 - commit 5
Sun Aug  2 03:30:04 UTC 2026 - commit 6
Sun Aug  2 03:30:04 UTC 2026 - commit 7
Sun Aug  2 03:30:04 UTC 2026 - commit 8
Sun Aug  2 03:30:04 UTC 2026 - commit 9
Sun Aug  2 03:30:04 UTC 2026 - commit 10
Sun Aug  2 03:30:04 UTC 2026 - commit 11
Sun Aug  2 03:30:04 UTC 2026 - commit 12
Mon Aug  3 03:31:56 UTC 2026 - commit 1
Mon Aug  3 03:31:56 UTC 2026 - commit 2
Mon Aug  3 03:31:56 UTC 2026 - commit 3
Mon Aug  3 03:31:56 UTC 2026 - commit 4
Mon Aug  3 03:31:56 UTC 2026 - commit 5
Mon Aug  3 03:31:56 UTC 2026 - commit 6
Mon Aug  3 03:31:56 UTC 2026 - commit 7
Mon Aug  3 03:31:56 UTC 2026 - commit 8
Mon Aug  3 03:31:56 UTC 2026 - commit 9
Mon Aug  3 03:31:56 UTC 2026 - commit 10
Mon Aug  3 03:31:56 UTC 2026 - commit 11
Mon Aug  3 03:31:56 UTC 2026 - commit 12
Tue Aug  4 03:14:48 UTC 2026 - commit 1
Tue Aug  4 03:14:48 UTC 2026 - commit 2
Tue Aug  4 03:14:48 UTC 2026 - commit 3
Tue Aug  4 03:14:48 UTC 2026 - commit 4
Tue Aug  4 03:14:48 UTC 2026 - commit 5
Tue Aug  4 03:14:48 UTC 2026 - commit 6
Tue Aug  4 03:14:48 UTC 2026 - commit 7
Tue Aug  4 03:14:48 UTC 2026 - commit 8
Tue Aug  4 03:14:48 UTC 2026 - commit 9
Tue Aug  4 03:14:48 UTC 2026 - commit 10
Tue Aug  4 03:14:48 UTC 2026 - commit 11
Tue Aug  4 03:14:48 UTC 2026 - commit 12
Wed Aug  5 02:55:46 UTC 2026 - commit 1
Wed Aug  5 02:55:46 UTC 2026 - commit 2
Wed Aug  5 02:55:46 UTC 2026 - commit 3
Wed Aug  5 02:55:46 UTC 2026 - commit 4
Wed Aug  5 02:55:46 UTC 2026 - commit 5
Wed Aug  5 02:55:46 UTC 2026 - commit 6
Wed Aug  5 02:55:46 UTC 2026 - commit 7
Wed Aug  5 02:55:46 UTC 2026 - commit 8
Wed Aug  5 02:55:46 UTC 2026 - commit 9
Wed Aug  5 02:55:46 UTC 2026 - commit 10
Wed Aug  5 02:55:46 UTC 2026 - commit 11
Wed Aug  5 02:55:46 UTC 2026 - commit 12
Thu Aug  6 03:13:21 UTC 2026 - commit 1
Thu Aug  6 03:13:21 UTC 2026 - commit 2
Thu Aug  6 03:13:21 UTC 2026 - commit 3
Thu Aug  6 03:13:21 UTC 2026 - commit 4
Thu Aug  6 03:13:21 UTC 2026 - commit 5
Thu Aug  6 03:13:21 UTC 2026 - commit 6
Thu Aug  6 03:13:21 UTC 2026 - commit 7
Thu Aug  6 03:13:21 UTC 2026 - commit 8
Thu Aug  6 03:13:21 UTC 2026 - commit 9
Thu Aug  6 03:13:21 UTC 2026 - commit 10
Thu Aug  6 03:13:21 UTC 2026 - commit 11
Thu Aug  6 03:13:21 UTC 2026 - commit 12
Fri Aug  7 02:54:29 UTC 2026 - commit 1
Fri Aug  7 02:54:29 UTC 2026 - commit 2
Fri Aug  7 02:54:29 UTC 2026 - commit 3
Fri Aug  7 02:54:29 UTC 2026 - commit 4
Fri Aug  7 02:54:29 UTC 2026 - commit 5
Fri Aug  7 02:54:29 UTC 2026 - commit 6
Fri Aug  7 02:54:29 UTC 2026 - commit 7
Fri Aug  7 02:54:29 UTC 2026 - commit 8
Fri Aug  7 02:54:29 UTC 2026 - commit 9
Fri Aug  7 02:54:29 UTC 2026 - commit 10
Fri Aug  7 02:54:29 UTC 2026 - commit 11
Fri Aug  7 02:54:29 UTC 2026 - commit 12
Sat Aug  8 01:59:39 UTC 2026 - commit 1
Sat Aug  8 01:59:39 UTC 2026 - commit 2
Sat Aug  8 01:59:39 UTC 2026 - commit 3
Sat Aug  8 01:59:39 UTC 2026 - commit 4
Sat Aug  8 01:59:39 UTC 2026 - commit 5
Sat Aug  8 01:59:39 UTC 2026 - commit 6
Sat Aug  8 01:59:39 UTC 2026 - commit 7
Sat Aug  8 01:59:39 UTC 2026 - commit 8
Sat Aug  8 01:59:39 UTC 2026 - commit 9
Sat Aug  8 01:59:39 UTC 2026 - commit 10
Sat Aug  8 01:59:39 UTC 2026 - commit 11
Sat Aug  8 01:59:39 UTC 2026 - commit 12
Sun Aug  9 02:07:20 UTC 2026 - commit 1
Sun Aug  9 02:07:20 UTC 2026 - commit 2
Sun Aug  9 02:07:20 UTC 2026 - commit 3
Sun Aug  9 02:07:20 UTC 2026 - commit 4
Sun Aug  9 02:07:20 UTC 2026 - commit 5
Sun Aug  9 02:07:20 UTC 2026 - commit 6
Sun Aug  9 02:07:20 UTC 2026 - commit 7
Sun Aug  9 02:07:20 UTC 2026 - commit 8
Sun Aug  9 02:07:20 UTC 2026 - commit 9
Sun Aug  9 02:07:20 UTC 2026 - commit 10
Sun Aug  9 02:07:20 UTC 2026 - commit 11
Sun Aug  9 02:07:20 UTC 2026 - commit 12
Mon Aug 10 02:11:46 UTC 2026 - commit 1
Mon Aug 10 02:11:46 UTC 2026 - commit 2
Mon Aug 10 02:11:46 UTC 2026 - commit 3
Mon Aug 10 02:11:46 UTC 2026 - commit 4
Mon Aug 10 02:11:46 UTC 2026 - commit 5
Mon Aug 10 02:11:46 UTC 2026 - commit 6
Mon Aug 10 02:11:46 UTC 2026 - commit 7
Mon Aug 10 02:11:46 UTC 2026 - commit 8
Mon Aug 10 02:11:46 UTC 2026 - commit 9
Mon Aug 10 02:11:46 UTC 2026 - commit 10
Mon Aug 10 02:11:46 UTC 2026 - commit 11
Mon Aug 10 02:11:46 UTC 2026 - commit 12
Tue Aug 11 02:06:34 UTC 2026 - commit 1
Tue Aug 11 02:06:34 UTC 2026 - commit 2
Tue Aug 11 02:06:34 UTC 2026 - commit 3
Tue Aug 11 02:06:34 UTC 2026 - commit 4
Tue Aug 11 02:06:34 UTC 2026 - commit 5
Tue Aug 11 02:06:34 UTC 2026 - commit 6
Tue Aug 11 02:06:34 UTC 2026 - commit 7
Tue Aug 11 02:06:34 UTC 2026 - commit 8
Tue Aug 11 02:06:34 UTC 2026 - commit 9
Tue Aug 11 02:06:34 UTC 2026 - commit 10
Tue Aug 11 02:06:34 UTC 2026 - commit 11
Tue Aug 11 02:06:34 UTC 2026 - commit 12
Wed Aug 12 02:24:15 UTC 2026 - commit 1
Wed Aug 12 02:24:15 UTC 2026 - commit 2
Wed Aug 12 02:24:15 UTC 2026 - commit 3
Wed Aug 12 02:24:15 UTC 2026 - commit 4
Wed Aug 12 02:24:15 UTC 2026 - commit 5
Wed Aug 12 02:24:15 UTC 2026 - commit 6
Wed Aug 12 02:24:15 UTC 2026 - commit 7
Wed Aug 12 02:24:15 UTC 2026 - commit 8
Wed Aug 12 02:24:15 UTC 2026 - commit 9
Wed Aug 12 02:24:15 UTC 2026 - commit 10
Wed Aug 12 02:24:15 UTC 2026 - commit 11
Wed Aug 12 02:24:15 UTC 2026 - commit 12
Thu Aug 13 02:25:53 UTC 2026 - commit 1
Thu Aug 13 02:25:53 UTC 2026 - commit 2
Thu Aug 13 02:25:53 UTC 2026 - commit 3
Thu Aug 13 02:25:53 UTC 2026 - commit 4
Thu Aug 13 02:25:53 UTC 2026 - commit 5
Thu Aug 13 02:25:53 UTC 2026 - commit 6
Thu Aug 13 02:25:53 UTC 2026 - commit 7
Thu Aug 13 02:25:53 UTC 2026 - commit 8
Thu Aug 13 02:25:53 UTC 2026 - commit 9
Thu Aug 13 02:25:53 UTC 2026 - commit 10
Thu Aug 13 02:25:53 UTC 2026 - commit 11
Thu Aug 13 02:25:53 UTC 2026 - commit 12
Fri Aug 14 02:23:40 UTC 2026 - commit 1
Fri Aug 14 02:23:40 UTC 2026 - commit 2
Fri Aug 14 02:23:40 UTC 2026 - commit 3
Fri Aug 14 02:23:40 UTC 2026 - commit 4
Fri Aug 14 02:23:40 UTC 2026 - commit 5
Fri Aug 14 02:23:40 UTC 2026 - commit 6
Fri Aug 14 02:23:40 UTC 2026 - commit 7
Fri Aug 14 02:23:40 UTC 2026 - commit 8
Fri Aug 14 02:23:40 UTC 2026 - commit 9
Fri Aug 14 02:23:40 UTC 2026 - commit 10
Fri Aug 14 02:23:40 UTC 2026 - commit 11
Fri Aug 14 02:23:40 UTC 2026 - commit 12
Sat Aug 15 01:35:44 UTC 2026 - commit 1
Sat Aug 15 01:35:44 UTC 2026 - commit 2
Sat Aug 15 01:35:44 UTC 2026 - commit 3
Sat Aug 15 01:35:44 UTC 2026 - commit 4
Sat Aug 15 01:35:44 UTC 2026 - commit 5
Sat Aug 15 01:35:44 UTC 2026 - commit 6
Sat Aug 15 01:35:44 UTC 2026 - commit 7
Sat Aug 15 01:35:44 UTC 2026 - commit 8
Sat Aug 15 01:35:44 UTC 2026 - commit 9
Sat Aug 15 01:35:44 UTC 2026 - commit 10
Sat Aug 15 01:35:44 UTC 2026 - commit 11
Sat Aug 15 01:35:44 UTC 2026 - commit 12
Sun Aug 16 01:42:14 UTC 2026 - commit 1
Sun Aug 16 01:42:14 UTC 2026 - commit 2
Sun Aug 16 01:42:14 UTC 2026 - commit 3
Sun Aug 16 01:42:14 UTC 2026 - commit 4
Sun Aug 16 01:42:14 UTC 2026 - commit 5
Sun Aug 16 01:42:14 UTC 2026 - commit 6
Sun Aug 16 01:42:14 UTC 2026 - commit 7
Sun Aug 16 01:42:14 UTC 2026 - commit 8
Sun Aug 16 01:42:14 UTC 2026 - commit 9
Sun Aug 16 01:42:14 UTC 2026 - commit 10
Sun Aug 16 01:42:14 UTC 2026 - commit 11
Sun Aug 16 01:42:14 UTC 2026 - commit 12
Mon Aug 17 01:40:26 UTC 2026 - commit 1
Mon Aug 17 01:40:26 UTC 2026 - commit 2
Mon Aug 17 01:40:26 UTC 2026 - commit 3
Mon Aug 17 01:40:26 UTC 2026 - commit 4
Mon Aug 17 01:40:26 UTC 2026 - commit 5
Mon Aug 17 01:40:26 UTC 2026 - commit 6
Mon Aug 17 01:40:26 UTC 2026 - commit 7
Mon Aug 17 01:40:26 UTC 2026 - commit 8
Mon Aug 17 01:40:26 UTC 2026 - commit 9
Mon Aug 17 01:40:26 UTC 2026 - commit 10
Mon Aug 17 01:40:26 UTC 2026 - commit 11
Mon Aug 17 01:40:26 UTC 2026 - commit 12
Tue Aug 18 01:35:31 UTC 2026 - commit 1
Tue Aug 18 01:35:31 UTC 2026 - commit 2
Tue Aug 18 01:35:31 UTC 2026 - commit 3
Tue Aug 18 01:35:31 UTC 2026 - commit 4
Tue Aug 18 01:35:31 UTC 2026 - commit 5
Tue Aug 18 01:35:31 UTC 2026 - commit 6
Tue Aug 18 01:35:31 UTC 2026 - commit 7
Tue Aug 18 01:35:31 UTC 2026 - commit 8
Tue Aug 18 01:35:31 UTC 2026 - commit 9
Tue Aug 18 01:35:31 UTC 2026 - commit 10
Tue Aug 18 01:35:31 UTC 2026 - commit 11
Tue Aug 18 01:35:31 UTC 2026 - commit 12
Wed Aug 19 01:37:53 UTC 2026 - commit 1
Wed Aug 19 01:37:53 UTC 2026 - commit 2
Wed Aug 19 01:37:53 UTC 2026 - commit 3
Wed Aug 19 01:37:53 UTC 2026 - commit 4
Wed Aug 19 01:37:53 UTC 2026 - commit 5
Wed Aug 19 01:37:53 UTC 2026 - commit 6
Wed Aug 19 01:37:53 UTC 2026 - commit 7
Wed Aug 19 01:37:53 UTC 2026 - commit 8
Wed Aug 19 01:37:53 UTC 2026 - commit 9
Wed Aug 19 01:37:53 UTC 2026 - commit 10
Wed Aug 19 01:37:53 UTC 2026 - commit 11
Wed Aug 19 01:37:53 UTC 2026 - commit 12
Thu Aug 20 01:36:38 UTC 2026 - commit 1
Thu Aug 20 01:36:38 UTC 2026 - commit 2
Thu Aug 20 01:36:38 UTC 2026 - commit 3
Thu Aug 20 01:36:38 UTC 2026 - commit 4
Thu Aug 20 01:36:38 UTC 2026 - commit 5
Thu Aug 20 01:36:38 UTC 2026 - commit 6
Thu Aug 20 01:36:38 UTC 2026 - commit 7
Thu Aug 20 01:36:38 UTC 2026 - commit 8
Thu Aug 20 01:36:38 UTC 2026 - commit 9
Thu Aug 20 01:36:38 UTC 2026 - commit 10
Thu Aug 20 01:36:38 UTC 2026 - commit 11
Thu Aug 20 01:36:38 UTC 2026 - commit 12
Fri Aug 21 01:41:19 UTC 2026 - commit 1
Fri Aug 21 01:41:19 UTC 2026 - commit 2
Fri Aug 21 01:41:20 UTC 2026 - commit 3
Fri Aug 21 01:41:20 UTC 2026 - commit 4
Fri Aug 21 01:41:20 UTC 2026 - commit 5
Fri Aug 21 01:41:20 UTC 2026 - commit 6
Fri Aug 21 01:41:20 UTC 2026 - commit 7
Fri Aug 21 01:41:20 UTC 2026 - commit 8
Fri Aug 21 01:41:20 UTC 2026 - commit 9
Fri Aug 21 01:41:20 UTC 2026 - commit 10
Fri Aug 21 01:41:20 UTC 2026 - commit 11
Fri Aug 21 01:41:20 UTC 2026 - commit 12
Sat Aug 22 01:35:02 UTC 2026 - commit 1
Sat Aug 22 01:35:02 UTC 2026 - commit 2
Sat Aug 22 01:35:02 UTC 2026 - commit 3
Sat Aug 22 01:35:02 UTC 2026 - commit 4
Sat Aug 22 01:35:02 UTC 2026 - commit 5
Sat Aug 22 01:35:02 UTC 2026 - commit 6
Sat Aug 22 01:35:02 UTC 2026 - commit 7
Sat Aug 22 01:35:02 UTC 2026 - commit 8
Sat Aug 22 01:35:02 UTC 2026 - commit 9
Sat Aug 22 01:35:02 UTC 2026 - commit 10
Sat Aug 22 01:35:02 UTC 2026 - commit 11
Sat Aug 22 01:35:02 UTC 2026 - commit 12
Sun Aug 23 01:44:25 UTC 2026 - commit 1
Sun Aug 23 01:44:25 UTC 2026 - commit 2
Sun Aug 23 01:44:25 UTC 2026 - commit 3
Sun Aug 23 01:44:25 UTC 2026 - commit 4
Sun Aug 23 01:44:25 UTC 2026 - commit 5
Sun Aug 23 01:44:25 UTC 2026 - commit 6
Sun Aug 23 01:44:25 UTC 2026 - commit 7
Sun Aug 23 01:44:25 UTC 2026 - commit 8
Sun Aug 23 01:44:25 UTC 2026 - commit 9
Sun Aug 23 01:44:25 UTC 2026 - commit 10
Sun Aug 23 01:44:25 UTC 2026 - commit 11
Sun Aug 23 01:44:25 UTC 2026 - commit 12
Mon Aug 24 01:41:54 UTC 2026 - commit 1
Mon Aug 24 01:41:54 UTC 2026 - commit 2
Mon Aug 24 01:41:54 UTC 2026 - commit 3
Mon Aug 24 01:41:54 UTC 2026 - commit 4
Mon Aug 24 01:41:54 UTC 2026 - commit 5
Mon Aug 24 01:41:54 UTC 2026 - commit 6
Mon Aug 24 01:41:54 UTC 2026 - commit 7
Mon Aug 24 01:41:54 UTC 2026 - commit 8
Mon Aug 24 01:41:54 UTC 2026 - commit 9
Mon Aug 24 01:41:54 UTC 2026 - commit 10
Mon Aug 24 01:41:54 UTC 2026 - commit 11
Mon Aug 24 01:41:54 UTC 2026 - commit 12
Tue Aug 25 01:37:04 UTC 2026 - commit 1
Tue Aug 25 01:37:04 UTC 2026 - commit 2
Tue Aug 25 01:37:04 UTC 2026 - commit 3
Tue Aug 25 01:37:04 UTC 2026 - commit 4
Tue Aug 25 01:37:04 UTC 2026 - commit 5
Tue Aug 25 01:37:04 UTC 2026 - commit 6
Tue Aug 25 01:37:04 UTC 2026 - commit 7
Tue Aug 25 01:37:04 UTC 2026 - commit 8
Tue Aug 25 01:37:04 UTC 2026 - commit 9
Tue Aug 25 01:37:04 UTC 2026 - commit 10
Tue Aug 25 01:37:04 UTC 2026 - commit 11
Tue Aug 25 01:37:04 UTC 2026 - commit 12
Wed Aug 26 01:42:01 UTC 2026 - commit 1
Wed Aug 26 01:42:01 UTC 2026 - commit 2
Wed Aug 26 01:42:01 UTC 2026 - commit 3
Wed Aug 26 01:42:01 UTC 2026 - commit 4
Wed Aug 26 01:42:02 UTC 2026 - commit 5
Wed Aug 26 01:42:02 UTC 2026 - commit 6
Wed Aug 26 01:42:02 UTC 2026 - commit 7
Wed Aug 26 01:42:02 UTC 2026 - commit 8
Wed Aug 26 01:42:02 UTC 2026 - commit 9
Wed Aug 26 01:42:02 UTC 2026 - commit 10
Wed Aug 26 01:42:02 UTC 2026 - commit 11
Wed Aug 26 01:42:02 UTC 2026 - commit 12
Thu Aug 27 08:38:40 UTC 2026 - commit 1
Thu Aug 27 08:38:40 UTC 2026 - commit 2
Thu Aug 27 08:38:40 UTC 2026 - commit 3
Thu Aug 27 08:38:40 UTC 2026 - commit 4
Thu Aug 27 08:38:40 UTC 2026 - commit 5
Thu Aug 27 08:38:40 UTC 2026 - commit 6
Thu Aug 27 08:38:40 UTC 2026 - commit 7
Thu Aug 27 08:38:40 UTC 2026 - commit 8
Thu Aug 27 08:38:40 UTC 2026 - commit 9
Thu Aug 27 08:38:40 UTC 2026 - commit 10
Thu Aug 27 08:38:40 UTC 2026 - commit 11
Thu Aug 27 08:38:40 UTC 2026 - commit 12
Fri Aug 28 10:50:53 UTC 2026 - commit 1
Fri Aug 28 10:50:53 UTC 2026 - commit 2
Fri Aug 28 10:50:53 UTC 2026 - commit 3
Fri Aug 28 10:50:53 UTC 2026 - commit 4
Fri Aug 28 10:50:53 UTC 2026 - commit 5
Fri Aug 28 10:50:53 UTC 2026 - commit 6
Fri Aug 28 10:50:53 UTC 2026 - commit 7
Fri Aug 28 10:50:53 UTC 2026 - commit 8
Fri Aug 28 10:50:53 UTC 2026 - commit 9
Fri Aug 28 10:50:53 UTC 2026 - commit 10
Fri Aug 28 10:50:53 UTC 2026 - commit 11
Fri Aug 28 10:50:53 UTC 2026 - commit 12
Sat Aug 29 06:38:02 UTC 2026 - commit 1
Sat Aug 29 06:38:02 UTC 2026 - commit 2
Sat Aug 29 06:38:02 UTC 2026 - commit 3
Sat Aug 29 06:38:02 UTC 2026 - commit 4
Sat Aug 29 06:38:02 UTC 2026 - commit 5
Sat Aug 29 06:38:02 UTC 2026 - commit 6
Sat Aug 29 06:38:02 UTC 2026 - commit 7
Sat Aug 29 06:38:02 UTC 2026 - commit 8
Sat Aug 29 06:38:02 UTC 2026 - commit 9
Sat Aug 29 06:38:02 UTC 2026 - commit 10
Sat Aug 29 06:38:02 UTC 2026 - commit 11
Sat Aug 29 06:38:02 UTC 2026 - commit 12
Sun Aug 30 04:51:01 UTC 2026 - commit 1
Sun Aug 30 04:51:01 UTC 2026 - commit 2
Sun Aug 30 04:51:01 UTC 2026 - commit 3
Sun Aug 30 04:51:01 UTC 2026 - commit 4
Sun Aug 30 04:51:01 UTC 2026 - commit 5
Sun Aug 30 04:51:01 UTC 2026 - commit 6
Sun Aug 30 04:51:01 UTC 2026 - commit 7
Sun Aug 30 04:51:01 UTC 2026 - commit 8
Sun Aug 30 04:51:01 UTC 2026 - commit 9
Sun Aug 30 04:51:01 UTC 2026 - commit 10
Sun Aug 30 04:51:01 UTC 2026 - commit 11
Sun Aug 30 04:51:01 UTC 2026 - commit 12
Mon Aug 31 04:54:49 UTC 2026 - commit 1
Mon Aug 31 04:54:49 UTC 2026 - commit 2
Mon Aug 31 04:54:49 UTC 2026 - commit 3
Mon Aug 31 04:54:49 UTC 2026 - commit 4
Mon Aug 31 04:54:49 UTC 2026 - commit 5
Mon Aug 31 04:54:49 UTC 2026 - commit 6
Mon Aug 31 04:54:49 UTC 2026 - commit 7
Mon Aug 31 04:54:49 UTC 2026 - commit 8
Mon Aug 31 04:54:49 UTC 2026 - commit 9
Mon Aug 31 04:54:49 UTC 2026 - commit 10
Mon Aug 31 04:54:49 UTC 2026 - commit 11
Mon Aug 31 04:54:50 UTC 2026 - commit 12
Tue Sep  1 04:33:53 UTC 2026 - commit 1
Tue Sep  1 04:33:53 UTC 2026 - commit 2
Tue Sep  1 04:33:53 UTC 2026 - commit 3
Tue Sep  1 04:33:53 UTC 2026 - commit 4
Tue Sep  1 04:33:53 UTC 2026 - commit 5
Tue Sep  1 04:33:53 UTC 2026 - commit 6
Tue Sep  1 04:33:54 UTC 2026 - commit 7
Tue Sep  1 04:33:54 UTC 2026 - commit 8
Tue Sep  1 04:33:54 UTC 2026 - commit 9
Tue Sep  1 04:33:54 UTC 2026 - commit 10
Tue Sep  1 04:33:54 UTC 2026 - commit 11
Tue Sep  1 04:33:54 UTC 2026 - commit 12
Wed Sep  2 03:56:44 UTC 2026 - commit 1
Wed Sep  2 03:56:44 UTC 2026 - commit 2
Wed Sep  2 03:56:44 UTC 2026 - commit 3
Wed Sep  2 03:56:44 UTC 2026 - commit 4
Wed Sep  2 03:56:44 UTC 2026 - commit 5
Wed Sep  2 03:56:44 UTC 2026 - commit 6
Wed Sep  2 03:56:44 UTC 2026 - commit 7
Wed Sep  2 03:56:44 UTC 2026 - commit 8
Wed Sep  2 03:56:44 UTC 2026 - commit 9
Wed Sep  2 03:56:44 UTC 2026 - commit 10
Wed Sep  2 03:56:44 UTC 2026 - commit 11
Wed Sep  2 03:56:44 UTC 2026 - commit 12
Thu Sep  3 03:55:40 UTC 2026 - commit 1
Thu Sep  3 03:55:40 UTC 2026 - commit 2
Thu Sep  3 03:55:40 UTC 2026 - commit 3
Thu Sep  3 03:55:40 UTC 2026 - commit 4
Thu Sep  3 03:55:40 UTC 2026 - commit 5
Thu Sep  3 03:55:40 UTC 2026 - commit 6
Thu Sep  3 03:55:40 UTC 2026 - commit 7
Thu Sep  3 03:55:40 UTC 2026 - commit 8
Thu Sep  3 03:55:40 UTC 2026 - commit 9
Thu Sep  3 03:55:40 UTC 2026 - commit 10
Thu Sep  3 03:55:40 UTC 2026 - commit 11
Thu Sep  3 03:55:40 UTC 2026 - commit 12
Fri Sep  4 03:57:16 UTC 2026 - commit 1
Fri Sep  4 03:57:16 UTC 2026 - commit 2
Fri Sep  4 03:57:16 UTC 2026 - commit 3
Fri Sep  4 03:57:16 UTC 2026 - commit 4
Fri Sep  4 03:57:16 UTC 2026 - commit 5
Fri Sep  4 03:57:16 UTC 2026 - commit 6
Fri Sep  4 03:57:16 UTC 2026 - commit 7
Fri Sep  4 03:57:16 UTC 2026 - commit 8
Fri Sep  4 03:57:16 UTC 2026 - commit 9
Fri Sep  4 03:57:16 UTC 2026 - commit 10
Fri Sep  4 03:57:16 UTC 2026 - commit 11
Fri Sep  4 03:57:16 UTC 2026 - commit 12
Sat Sep  5 03:54:34 UTC 2026 - commit 1
Sat Sep  5 03:54:34 UTC 2026 - commit 2
Sat Sep  5 03:54:34 UTC 2026 - commit 3
Sat Sep  5 03:54:34 UTC 2026 - commit 4
Sat Sep  5 03:54:34 UTC 2026 - commit 5
Sat Sep  5 03:54:34 UTC 2026 - commit 6
Sat Sep  5 03:54:34 UTC 2026 - commit 7
Sat Sep  5 03:54:34 UTC 2026 - commit 8
Sat Sep  5 03:54:34 UTC 2026 - commit 9
Sat Sep  5 03:54:34 UTC 2026 - commit 10
Sat Sep  5 03:54:34 UTC 2026 - commit 11
Sat Sep  5 03:54:34 UTC 2026 - commit 12
Sun Sep  6 03:59:48 UTC 2026 - commit 1
Sun Sep  6 03:59:48 UTC 2026 - commit 2
Sun Sep  6 03:59:48 UTC 2026 - commit 3
Sun Sep  6 03:59:48 UTC 2026 - commit 4
Sun Sep  6 03:59:48 UTC 2026 - commit 5
Sun Sep  6 03:59:48 UTC 2026 - commit 6
Sun Sep  6 03:59:48 UTC 2026 - commit 7
Sun Sep  6 03:59:48 UTC 2026 - commit 8
Sun Sep  6 03:59:48 UTC 2026 - commit 9
Sun Sep  6 03:59:48 UTC 2026 - commit 10
Sun Sep  6 03:59:48 UTC 2026 - commit 11
Sun Sep  6 03:59:48 UTC 2026 - commit 12
Mon Sep  7 03:59:09 UTC 2026 - commit 1
Mon Sep  7 03:59:09 UTC 2026 - commit 2
Mon Sep  7 03:59:09 UTC 2026 - commit 3
Mon Sep  7 03:59:09 UTC 2026 - commit 4
Mon Sep  7 03:59:09 UTC 2026 - commit 5
Mon Sep  7 03:59:09 UTC 2026 - commit 6
Mon Sep  7 03:59:09 UTC 2026 - commit 7
Mon Sep  7 03:59:09 UTC 2026 - commit 8
Mon Sep  7 03:59:09 UTC 2026 - commit 9
Mon Sep  7 03:59:09 UTC 2026 - commit 10
Mon Sep  7 03:59:09 UTC 2026 - commit 11
Mon Sep  7 03:59:09 UTC 2026 - commit 12
Tue Sep  8 04:01:17 UTC 2026 - commit 1
Tue Sep  8 04:01:17 UTC 2026 - commit 2
Tue Sep  8 04:01:17 UTC 2026 - commit 3
Tue Sep  8 04:01:17 UTC 2026 - commit 4
Tue Sep  8 04:01:17 UTC 2026 - commit 5
Tue Sep  8 04:01:17 UTC 2026 - commit 6
Tue Sep  8 04:01:17 UTC 2026 - commit 7
Tue Sep  8 04:01:17 UTC 2026 - commit 8
Tue Sep  8 04:01:17 UTC 2026 - commit 9
Tue Sep  8 04:01:17 UTC 2026 - commit 10
Tue Sep  8 04:01:17 UTC 2026 - commit 11
Tue Sep  8 04:01:17 UTC 2026 - commit 12
Wed Sep  9 04:08:22 UTC 2026 - commit 1
Wed Sep  9 04:08:22 UTC 2026 - commit 2
Wed Sep  9 04:08:22 UTC 2026 - commit 3
Wed Sep  9 04:08:22 UTC 2026 - commit 4
Wed Sep  9 04:08:22 UTC 2026 - commit 5
Wed Sep  9 04:08:22 UTC 2026 - commit 6
Wed Sep  9 04:08:22 UTC 2026 - commit 7
Wed Sep  9 04:08:22 UTC 2026 - commit 8
Wed Sep  9 04:08:22 UTC 2026 - commit 9
Wed Sep  9 04:08:22 UTC 2026 - commit 10
Wed Sep  9 04:08:22 UTC 2026 - commit 11
Wed Sep  9 04:08:22 UTC 2026 - commit 12
Thu Sep 10 04:05:48 UTC 2026 - commit 1
Thu Sep 10 04:05:48 UTC 2026 - commit 2
Thu Sep 10 04:05:48 UTC 2026 - commit 3
Thu Sep 10 04:05:48 UTC 2026 - commit 4
Thu Sep 10 04:05:48 UTC 2026 - commit 5
Thu Sep 10 04:05:48 UTC 2026 - commit 6
Thu Sep 10 04:05:48 UTC 2026 - commit 7
Thu Sep 10 04:05:48 UTC 2026 - commit 8
Thu Sep 10 04:05:48 UTC 2026 - commit 9
Thu Sep 10 04:05:48 UTC 2026 - commit 10
Thu Sep 10 04:05:48 UTC 2026 - commit 11
Thu Sep 10 04:05:48 UTC 2026 - commit 12
Fri Sep 11 04:03:42 UTC 2026 - commit 1
Fri Sep 11 04:03:42 UTC 2026 - commit 2
Fri Sep 11 04:03:42 UTC 2026 - commit 3
Fri Sep 11 04:03:42 UTC 2026 - commit 4
Fri Sep 11 04:03:42 UTC 2026 - commit 5
Fri Sep 11 04:03:42 UTC 2026 - commit 6
Fri Sep 11 04:03:42 UTC 2026 - commit 7
Fri Sep 11 04:03:42 UTC 2026 - commit 8
Fri Sep 11 04:03:42 UTC 2026 - commit 9
Fri Sep 11 04:03:42 UTC 2026 - commit 10
Fri Sep 11 04:03:42 UTC 2026 - commit 11
Fri Sep 11 04:03:42 UTC 2026 - commit 12
Sat Sep 12 04:04:39 UTC 2026 - commit 1
Sat Sep 12 04:04:39 UTC 2026 - commit 2
Sat Sep 12 04:04:39 UTC 2026 - commit 3
Sat Sep 12 04:04:39 UTC 2026 - commit 4
Sat Sep 12 04:04:39 UTC 2026 - commit 5
Sat Sep 12 04:04:39 UTC 2026 - commit 6
Sat Sep 12 04:04:39 UTC 2026 - commit 7
Sat Sep 12 04:04:39 UTC 2026 - commit 8
Sat Sep 12 04:04:39 UTC 2026 - commit 9
Sat Sep 12 04:04:39 UTC 2026 - commit 10
Sat Sep 12 04:04:39 UTC 2026 - commit 11
Sat Sep 12 04:04:39 UTC 2026 - commit 12
Mon Sep 14 04:22:53 UTC 2026 - commit 1
Mon Sep 14 04:22:53 UTC 2026 - commit 2
Mon Sep 14 04:22:53 UTC 2026 - commit 3
Mon Sep 14 04:22:53 UTC 2026 - commit 4
Mon Sep 14 04:22:53 UTC 2026 - commit 5
Mon Sep 14 04:22:53 UTC 2026 - commit 6
Mon Sep 14 04:22:53 UTC 2026 - commit 7
Mon Sep 14 04:22:53 UTC 2026 - commit 8
Mon Sep 14 04:22:53 UTC 2026 - commit 9
Mon Sep 14 04:22:53 UTC 2026 - commit 10
Mon Sep 14 04:22:53 UTC 2026 - commit 11
Mon Sep 14 04:22:53 UTC 2026 - commit 12
Tue Sep 15 04:23:26 UTC 2026 - commit 1
Tue Sep 15 04:23:26 UTC 2026 - commit 2
Tue Sep 15 04:23:26 UTC 2026 - commit 3
Tue Sep 15 04:23:26 UTC 2026 - commit 4
Tue Sep 15 04:23:26 UTC 2026 - commit 5
Tue Sep 15 04:23:26 UTC 2026 - commit 6
Tue Sep 15 04:23:26 UTC 2026 - commit 7
Tue Sep 15 04:23:26 UTC 2026 - commit 8
Tue Sep 15 04:23:26 UTC 2026 - commit 9
Tue Sep 15 04:23:26 UTC 2026 - commit 10
Tue Sep 15 04:23:26 UTC 2026 - commit 11
Tue Sep 15 04:23:26 UTC 2026 - commit 12
Wed Sep 16 04:18:41 UTC 2026 - commit 1
Wed Sep 16 04:18:41 UTC 2026 - commit 2
Wed Sep 16 04:18:41 UTC 2026 - commit 3
Wed Sep 16 04:18:41 UTC 2026 - commit 4
Wed Sep 16 04:18:41 UTC 2026 - commit 5
Wed Sep 16 04:18:41 UTC 2026 - commit 6
Wed Sep 16 04:18:41 UTC 2026 - commit 7
Wed Sep 16 04:18:41 UTC 2026 - commit 8
Wed Sep 16 04:18:41 UTC 2026 - commit 9
Wed Sep 16 04:18:41 UTC 2026 - commit 10
Wed Sep 16 04:18:41 UTC 2026 - commit 11
Wed Sep 16 04:18:41 UTC 2026 - commit 12
Thu Sep 17 04:24:53 UTC 2026 - commit 1
Thu Sep 17 04:24:53 UTC 2026 - commit 2
Thu Sep 17 04:24:53 UTC 2026 - commit 3
Thu Sep 17 04:24:53 UTC 2026 - commit 4
Thu Sep 17 04:24:53 UTC 2026 - commit 5
Thu Sep 17 04:24:53 UTC 2026 - commit 6
Thu Sep 17 04:24:53 UTC 2026 - commit 7
Thu Sep 17 04:24:53 UTC 2026 - commit 8
Thu Sep 17 04:24:53 UTC 2026 - commit 9
Thu Sep 17 04:24:53 UTC 2026 - commit 10
Thu Sep 17 04:24:53 UTC 2026 - commit 11
Thu Sep 17 04:24:53 UTC 2026 - commit 12
Fri Sep 18 04:09:00 UTC 2026 - commit 1
Fri Sep 18 04:09:00 UTC 2026 - commit 2
Fri Sep 18 04:09:00 UTC 2026 - commit 3
Fri Sep 18 04:09:00 UTC 2026 - commit 4
Fri Sep 18 04:09:00 UTC 2026 - commit 5
Fri Sep 18 04:09:00 UTC 2026 - commit 6
Fri Sep 18 04:09:00 UTC 2026 - commit 7
Fri Sep 18 04:09:00 UTC 2026 - commit 8
Fri Sep 18 04:09:00 UTC 2026 - commit 9
Fri Sep 18 04:09:00 UTC 2026 - commit 10
Fri Sep 18 04:09:00 UTC 2026 - commit 11
Fri Sep 18 04:09:00 UTC 2026 - commit 12
Sat Sep 19 04:05:56 UTC 2026 - commit 1
Sat Sep 19 04:05:56 UTC 2026 - commit 2
Sat Sep 19 04:05:56 UTC 2026 - commit 3
Sat Sep 19 04:05:56 UTC 2026 - commit 4
Sat Sep 19 04:05:56 UTC 2026 - commit 5
Sat Sep 19 04:05:56 UTC 2026 - commit 6
Sat Sep 19 04:05:56 UTC 2026 - commit 7
Sat Sep 19 04:05:56 UTC 2026 - commit 8
Sat Sep 19 04:05:56 UTC 2026 - commit 9
Sat Sep 19 04:05:56 UTC 2026 - commit 10
Sat Sep 19 04:05:56 UTC 2026 - commit 11
Sat Sep 19 04:05:56 UTC 2026 - commit 12
Sun Sep 20 04:25:05 UTC 2026 - commit 1
